// Vitest Snapshot v1

exports[`404 page > renders correctly 1`] = `
<main>
  <div
    class="container text-center my-5"
  >
    <h1>
      404: Not Found
    </h1>
    <p>
      You just hit a route that doesn't exist... the sadness.
    </p>
  </div>
</main>
`;
