// Vitest Snapshot v1

exports[`Index page > renders correctly 1`] = `
<main>
  <section
    class="home"
    id="home"
    style="overflow-x: hidden;"
  >
    <div
      class="container-flex"
    >
      <div
        class="main-banner row justify-content-center align-items-center"
      >
        <div
          class="col-md-6 p-md-5"
        >
          <div
            class="w-75 m-auto"
          >
            <div
              class="aos-init aos-animate"
              data-aos="zoom-in-up"
            >
              <div
                class="my-3 my-md-5 text-center text-md-start banner-title"
              >
                <h1
                  class="display-4"
                >
                  Text
                  <br />
                  Text
                </h1>
              </div>
              <p
                class="mt-3 text-center text-md-start"
              >
                Text
              </p>
            </div>
            <div
              class="container hide-on-mobile"
            >
              <h2
                class="fw-light mt-3 text-pink medium"
              >
                Download Temurinâ„¢
              </h2>
              <div
                class="btn-group-vertical mx-auto col-12"
              >
                <a
                  class="btn btn-lg btn-primary mt-3 py-3 text-white"
                  href="/temurin/releases"
                >
                  <svg
                    fill="currentColor"
                    height="1em"
                    stroke="currentColor"
                    stroke-width="0"
                    viewBox="0 0 512 512"
                    width="1em"
                    xmlns="http://www.w3.org/2000/svg"
                  >
                    <path
                      d="M216 0h80c13.3 0 24 10.7 24 24v168h87.7c17.8 0 26.7 21.5 14.1 34.1L269.7 378.3c-7.5 7.5-19.8 7.5-27.3 0L90.1 226.1c-12.6-12.6-3.7-34.1 14.1-34.1H192V24c0-13.3 10.7-24 24-24zm296 376v112c0 13.3-10.7 24-24 24H24c-13.3 0-24-10.7-24-24V376c0-13.3 10.7-24 24-24h146.7l49 49c20.1 20.1 52.5 20.1 72.6 0l49-49H488c13.3 0 24 10.7 24 24zm-124 88c0-11-9-20-20-20s-20 9-20 20 9 20 20 20 20-9 20-20zm64 0c0-11-9-20-20-20s-20 9-20 20 9 20 20 20 20-9 20-20z"
                    />
                  </svg>
                   Latest LTS releases
                </a>
                <a
                  class="btn btn-outline-dark mt-3"
                  href="/temurin/archive"
                >
                  Text
                   
                  <svg
                    fill="currentColor"
                    height="1em"
                    stroke="currentColor"
                    stroke-width="0"
                    viewBox="0 0 512 512"
                    width="1em"
                    xmlns="http://www.w3.org/2000/svg"
                  >
                    <path
                      d="M32 448c0 17.7 14.3 32 32 32h384c17.7 0 32-14.3 32-32V160H32v288zm160-212c0-6.6 5.4-12 12-12h104c6.6 0 12 5.4 12 12v8c0 6.6-5.4 12-12 12H204c-6.6 0-12-5.4-12-12v-8zM480 32H32C14.3 32 0 46.3 0 64v48c0 8.8 7.2 16 16 16h480c8.8 0 16-7.2 16-16V64c0-17.7-14.3-32-32-32z"
                    />
                  </svg>
                </a>
              </div>
            </div>
          </div>
        </div>
        <div
          class="col-md-6"
        >
          <img
            alt="Image showing server, cloud and laptop"
            src="../images/servers-min.png"
            style="opacity: 0.999; mix-blend-mode: luminosity;"
            width="1000"
          />
        </div>
      </div>
    </div>
    <div
      class="p-3 mt-4 mb-4 bg-light rounded-3 text-start"
    >
      <div
        class="container py-5"
      >
        <h2
          class="text-pink"
        >
          Text
        </h2>
        <p>
          Text
        </p>
        <div
          class="btn-group"
        >
          <a
            class="btn btn-lg btn-primary m-3 text-white"
            href="/join"
          >
            Text
          </a>
          <a
            class="btn btn-lg btn-secondary m-3"
            href="/members"
          >
            Text
          </a>
        </div>
      </div>
    </div>
  </section>
</main>
`;
