// Vitest Snapshot v1

exports[`fetchNewsItems > returns valid news and events object 1`] = `
{
  "events": [
    {
      "date": 2020-01-01T00:00:00.000Z,
      "id": "id_mock",
      "infoLink": "https://link_mock/",
      "title": "events_title_mock",
    },
  ],
  "news": {
    "news": [
      {
        "body": "body_mock",
        "date": 2020-01-01T00:00:00.000Z,
        "id": "id_mock",
        "link": "https://link_mock/",
        "title": "news_title_mock",
      },
    ],
    "pagination": {
      "page": 1,
      "pagesize": 5,
      "result_end": 5,
      "result_size": 5,
      "result_start": 1,
      "total_result_size": 16,
    },
  },
}
`;
